// Jest Snapshot v1, https://goo.gl/fbAQLP

exports[`ReportFieldMapping Screen render reportFieldMapping correctly 1`] = `
Object {
  "asFragment": [Function],
  "baseElement": <body>
    <div>
      <div
        class="p-2 rounded-lg shadow-xl shown"
      >
        <div
          class="xl:grid sm:inline-block grid-cols-2 gap-3 flex-1"
        >
          <span
            class="flex flex-col space-y-4    flex-1 items-stretch"
          >
            <div
              class="xl:grid sm:inline-block grid-cols-2 gap-3 flex-1"
            >
              <span
                class="flex flex-col space-y-4    flex-1 items-stretch"
              >
                <div>
                  <label
                    class="text-gray-700 block text-3xs font-medium  mb-1"
                    for=""
                  >
                    Template Code
                  </label>
                  <input
                    autocomplete="given-name"
                    class="undefined leading-4 p-2  focus:outline-none focus:ring  block w-full shadow-sm sm:text-base  border-2  border-gray-300 rounded-md"
                    data-testid="INPT"
                    placeholder="Template code"
                    type="text"
                    value=""
                  />
                </div>
                <div
                  class="w-full relative"
                >
                  <div
                    class="flex items-center leading-4 p-2 focus:outline-none focus:ring  w-full shadow-sm sm:text-base border-2 border-gray-300 rounded-md"
                  >
                    <input
                      class="undefined w-full focus:outline-none bg-none"
                      placeholder="Section"
                      value=""
                    />
                    <svg
                      fill="currentColor"
                      height="1em"
                      stroke="currentColor"
                      stroke-width="0"
                      viewBox="0 0 448 512"
                      width="1em"
                      xmlns="http://www.w3.org/2000/svg"
                    >
                      <path
                        d="M207.029 381.476L12.686 187.132c-9.373-9.373-9.373-24.569 0-33.941l22.667-22.667c9.357-9.357 24.522-9.375 33.901-.04L224 284.505l154.745-154.021c9.379-9.335 24.544-9.317 33.901.04l22.667 22.667c9.373 9.373 9.373 24.569 0 33.941L240.971 381.476c-9.373 9.372-24.569 9.372-33.942 0z"
                      />
                    </svg>
                  </div>
                </div>
                <div>
                  <label
                    class="text-gray-700 block text-3xs font-medium  mb-1"
                    for=""
                  >
                    Section Style
                  </label>
                  <textarea
                    autocomplete="given-name"
                    class="leading-4 p-2 focus:outline-none focus:ring block w-full shadow-sm sm:text-base border-2 border-gray-300 rounded-md"
                    placeholder="Style"
                    style="color: rgb(255, 255, 255); background-color: rgb(0, 0, 0);"
                  />
                </div>
                <div>
                  <label
                    class="text-gray-700 block text-3xs font-medium  mb-1"
                    for=""
                  >
                    Table Name
                  </label>
                  <div>
                    <div
                      class="flex items-center leading-4 p-2 bg-white focus:outline-none focus:ring  w-full shadow-sm sm:text-base border-2  border-gray-300 rounded-md"
                    >
                      <input
                        class="w-full focus:outline-none"
                        placeholder="Search..."
                        value=""
                      />
                      <svg
                        fill="currentColor"
                        height="1em"
                        stroke="currentColor"
                        stroke-width="0"
                        viewBox="0 0 448 512"
                        width="1em"
                        xmlns="http://www.w3.org/2000/svg"
                      >
                        <path
                          d="M207.029 381.476L12.686 187.132c-9.373-9.373-9.373-24.569 0-33.941l22.667-22.667c9.357-9.357 24.522-9.375 33.901-.04L224 284.505l154.745-154.021c9.379-9.335 24.544-9.317 33.901.04l22.667 22.667c9.373 9.373 9.373 24.569 0 33.941L240.971 381.476c-9.373 9.372-24.569 9.372-33.942 0z"
                        />
                      </svg>
                    </div>
                  </div>
                </div>
                <div>
                  <label
                    class="text-gray-700 block text-3xs font-medium  mb-1"
                    for=""
                  >
                    Field Name
                  </label>
                  <select
                    class="leading-4 p-2 focus:outline-none focus:ring block w-full shadow-sm sm:text-base border-2 border-gray-300 rounded-md"
                  >
                    <option>
                      Select
                    </option>
                  </select>
                </div>
              </span>
              <span
                class="flex flex-col space-y-4    flex-1 items-stretch"
              >
                <div>
                  <label
                    class="text-gray-700 block text-3xs font-medium  mb-1"
                    for=""
                  >
                    Start From Line
                  </label>
                  <input
                    autocomplete="given-name"
                    class="undefined leading-4 p-2  focus:outline-none focus:ring  block w-full shadow-sm sm:text-base  border-2  border-gray-300 rounded-md"
                    data-testid="INPT"
                    placeholder="Start From Line"
                    type="text"
                    value=""
                  />
                </div>
                <div>
                  <label
                    class="text-gray-700 block text-3xs font-medium  mb-1"
                    for=""
                  >
                    Start From Column
                  </label>
                  <input
                    autocomplete="given-name"
                    class="undefined leading-4 p-2  focus:outline-none focus:ring  block w-full shadow-sm sm:text-base  border-2  border-gray-300 rounded-md"
                    data-testid="INPT"
                    placeholder="Start From Column"
                    type="text"
                    value=""
                  />
                </div>
                <div>
                  <label
                    class="text-gray-700 block text-3xs font-medium  mb-1"
                    for=""
                  >
                    Field Length
                  </label>
                  <input
                    autocomplete="given-name"
                    class="undefined leading-4 p-2  focus:outline-none focus:ring  block w-full shadow-sm sm:text-base  border-2  border-gray-300 rounded-md"
                    data-testid="INPT"
                    placeholder="Field Length"
                    type="text"
                    value=""
                  />
                </div>
                <div
                  class="w-full relative"
                >
                  <div
                    class="flex items-center leading-4 p-2 focus:outline-none focus:ring  w-full shadow-sm sm:text-base border-2 border-gray-300 rounded-md"
                  >
                    <input
                      class="undefined w-full focus:outline-none bg-none"
                      placeholder="Font Id"
                      value=""
                    />
                    <svg
                      fill="currentColor"
                      height="1em"
                      stroke="currentColor"
                      stroke-width="0"
                      viewBox="0 0 448 512"
                      width="1em"
                      xmlns="http://www.w3.org/2000/svg"
                    >
                      <path
                        d="M207.029 381.476L12.686 187.132c-9.373-9.373-9.373-24.569 0-33.941l22.667-22.667c9.357-9.357 24.522-9.375 33.901-.04L224 284.505l154.745-154.021c9.379-9.335 24.544-9.317 33.901.04l22.667 22.667c9.373 9.373 9.373 24.569 0 33.941L240.971 381.476c-9.373 9.372-24.569 9.372-33.942 0z"
                      />
                    </svg>
                  </div>
                </div>
              </span>
            </div>
          </span>
        </div>
        <br />
        <span
          class="flex flex-row space-x-3   justify-center  items-center"
        >
          <div
            class="undefined"
          >
            <button
              class="undefined inline-flex items-center px-3 py-2 text-sm rounded-lg shadow-sm   font-medium text-white bg-indigo-600 hover:bg-indigo-700 hover:shadow-lg disabled:opacity-50 disabled:cursor-not-allowed text-center"
              type="button"
            >
              <svg
                class="-ml-1 -mt-1 mr-2 h-5 w-5 text-white"
                fill="none"
                stroke="currentColor"
                viewBox="0 0 24 24"
                xmlns="http://www.w3.org/2000/svg"
              >
                <path
                  d="M8 7H5a2 2 0 00-2 2v9a2 2 0 002 2h14a2 2 0 002-2V9a2 2 0 00-2-2h-3m-1 4l-3 3m0 0l-3-3m3 3V4"
                  stroke-linecap="round"
                  stroke-linejoin="round"
                  stroke-width="2"
                />
              </svg>
              Save
            </button>
          </div>
          <div
            class="undefined"
          >
            <button
              class="undefined inline-flex items-center px-3 py-2 text-sm rounded-lg shadow-sm   font-medium text-gray-600 border border-gray-400 hover:shadow-lg disabled:opacity-50 disabled:cursor-not-allowed text-center"
              type="button"
            >
              <svg
                class="false h-5 w-5 text-gray-600 -ml-1 mr-2"
                fill="none"
                stroke="currentColor"
                viewBox="0 0 24 24"
                xmlns="http://www.w3.org/2000/svg"
              >
                <path
                  d="M6 18L18 6M6 6l12 13"
                  stroke-linecap="round"
                  stroke-linejoin="round"
                  stroke-width="2"
                />
              </svg>
              Clear
            </button>
          </div>
        </span>
      </div>
      <div
        class="p-2 rounded-lg shadow-xl overflow-auto"
      >
        <div
          style="position: relative;"
        >
          <div>
            <div
              class="flex items-center"
            >
              <label
                class="search-label"
                for="search-bar-0"
              >
                <span
                  class="sr-only"
                  id="search-bar-0-label"
                >
                  Search this table
                </span>
                <input
                  aria-labelledby="search-bar-0-label"
                  class="form-control "
                  id="search-bar-0"
                  placeholder="Search..."
                  type="text"
                  value=""
                />
              </label>
              <button
                class="btn btn-default inline-flex ml-4 bg-gray-500 items-center small outline shadow-sm  font-medium  disabled:opacity-50 disabled:cursor-not-allowed text-center h-9 text-white"
              >
                Clear
              </button>
              <button
                class="ml-2 px-2 focus:outline-none bg-gray-500 items-center  outline shadow-sm  font-medium  text-center rounded-md h-9 text-white"
              >
                Clear all filters
              </button>
              <button
                class="react-bs-table-csv-btn btn btn-default inline-flex m-2.5 bg-gray-500 items-center  small outline shadow-sm  font-medium  disabled:opacity-50 disabled:cursor-not-allowed text-center h-9 text-white"
                type="button"
              >
                Export CSV!!
              </button>
              <div
                class="undefined"
              >
                <button
                  class="undefined inline-flex items-center px-3 py-2 text-sm rounded-lg shadow-sm   font-medium text-gray-600 border border-gray-400 hover:shadow-lg disabled:opacity-50 disabled:cursor-not-allowed text-center"
                  type="button"
                >
                  <svg
                    fill="currentColor"
                    height="1em"
                    stroke="currentColor"
                    stroke-width="0"
                    viewBox="0 0 448 512"
                    width="1em"
                    xmlns="http://www.w3.org/2000/svg"
                  >
                    <path
                      d="M207.029 381.476L12.686 187.132c-9.373-9.373-9.373-24.569 0-33.941l22.667-22.667c9.357-9.357 24.522-9.375 33.901-.04L224 284.505l154.745-154.021c9.379-9.335 24.544-9.317 33.901.04l22.667 22.667c9.373 9.373 9.373 24.569 0 33.941L240.971 381.476c-9.373 9.372-24.569 9.372-33.942 0z"
                    />
                  </svg>
                </button>
              </div>
            </div>
            <div
              class="scrollTable"
            >
              <div
                class="react-bootstrap-table"
              >
                <table
                  class="table table-hover table-bordered"
                >
                  <thead>
                    <tr
                      class="bg-gray-500 text-white whitespace-nowrap"
                    >
                      <th
                        class="selection-cell-header"
                        data-row-selection="true"
                      >
                        <input
                          class="selection-input-4"
                          type="checkbox"
                        />
                      </th>
                      <th
                        aria-label="Temp Code sortable"
                        class="sortable textHeader"
                        tabindex="0"
                      >
                        Temp Code
                        <span
                          class="order-4"
                        />
                      </th>
                      <th
                        aria-label="Section sortable"
                        class="sortable"
                        tabindex="0"
                      >
                        Section
                        <span
                          class="order-4"
                        />
                      </th>
                      <th
                        aria-label="Section Style sortable"
                        class="sortable"
                        tabindex="0"
                      >
                        Section Style
                        <span
                          class="order-4"
                        />
                      </th>
                      <th
                        aria-label="Table Name sortable"
                        class="sortable"
                        tabindex="0"
                      >
                        Table Name
                        <span
                          class="order-4"
                        />
                      </th>
                      <th
                        aria-label="Field Name sortable"
                        class="sortable"
                        tabindex="0"
                      >
                        Field Name
                        <span
                          class="order-4"
                        />
                      </th>
                      <th
                        aria-label="Start From Line sortable"
                        class="sortable"
                        tabindex="0"
                      >
                        Start From Line
                        <span
                          class="order-4"
                        />
                      </th>
                      <th
                        aria-label="Start From Column sortable"
                        class="sortable"
                        tabindex="0"
                      >
                        Start From Column
                        <span
                          class="order-4"
                        />
                      </th>
                      <th
                        aria-label="Field Length sortable"
                        class="sortable"
                        tabindex="0"
                      >
                        Field Length
                        <span
                          class="order-4"
                        />
                      </th>
                      <th
                        aria-label="Font Id sortable"
                        class="sortable"
                        tabindex="0"
                      >
                        Font Id
                        <span
                          class="order-4"
                        />
                      </th>
                    </tr>
                  </thead>
                  <tbody>
                    <tr>
                      <td
                        class="react-bs-table-no-data"
                        colspan="10"
                        data-toggle="collapse"
                      >
                        Table is Empty
                      </td>
                    </tr>
                  </tbody>
                </table>
              </div>
              <div
                class="row react-bootstrap-table-pagination"
              >
                <div
                  class="col-md-6 col-xs-6 col-sm-6 col-lg-6"
                >
                  <span
                    class="react-bs-table-sizePerPage-dropdown dropdown"
                    style="visibility: visible;"
                  >
                    <button
                      aria-expanded="false"
                      class="btn btn-default btn-secondary dropdown-toggle"
                      data-toggle="dropdown"
                      id="pageDropDown"
                      type="button"
                    >
                      10
                       
                    </button>
                    <ul
                      aria-labelledby="pageDropDown"
                      class="dropdown-menu "
                      role="menu"
                    >
                      <a
                        class="dropdown-item"
                        data-page="10"
                        href="#"
                        role="menuitem"
                        tabindex="-1"
                      >
                        10
                      </a>
                      <a
                        class="dropdown-item"
                        data-page="25"
                        href="#"
                        role="menuitem"
                        tabindex="-1"
                      >
                        25
                      </a>
                      <a
                        class="dropdown-item"
                        data-page="30"
                        href="#"
                        role="menuitem"
                        tabindex="-1"
                      >
                        30
                      </a>
                      <a
                        class="dropdown-item"
                        data-page="50"
                        href="#"
                        role="menuitem"
                        tabindex="-1"
                      >
                        50
                      </a>
                    </ul>
                  </span>
                </div>
                <div
                  class="react-bootstrap-table-pagination-list col-md-6 col-xs-6 col-sm-6 col-lg-6"
                >
                  <ul
                    class="pagination react-bootstrap-table-page-btns-ul"
                  />
                </div>
              </div>
            </div>
            <div
              class="flex items-center gap-2 mt-2"
            >
              <span
                class="react-bs-table-sizePerPage-dropdown dropdown"
                style="visibility: visible;"
              >
                <button
                  aria-expanded="false"
                  class="btn btn-default btn-secondary dropdown-toggle"
                  data-toggle="dropdown"
                  id="pageDropDown"
                  type="button"
                >
                  10
                   
                  <span>
                    <span
                      class="caret"
                    />
                  </span>
                </button>
                <ul
                  aria-labelledby="pageDropDown"
                  class="dropdown-menu "
                  role="menu"
                >
                  <li
                    class="dropdown-item"
                    role="presentation"
                  >
                    <a
                      data-page="10"
                      href="#"
                      role="menuitem"
                      tabindex="-1"
                    >
                      10
                    </a>
                  </li>
                  <li
                    class="dropdown-item"
                    role="presentation"
                  >
                    <a
                      data-page="25"
                      href="#"
                      role="menuitem"
                      tabindex="-1"
                    >
                      25
                    </a>
                  </li>
                  <li
                    class="dropdown-item"
                    role="presentation"
                  >
                    <a
                      data-page="30"
                      href="#"
                      role="menuitem"
                      tabindex="-1"
                    >
                      30
                    </a>
                  </li>
                  <li
                    class="dropdown-item"
                    role="presentation"
                  >
                    <a
                      data-page="50"
                      href="#"
                      role="menuitem"
                      tabindex="-1"
                    >
                      50
                    </a>
                  </li>
                </ul>
              </span>
              <ul
                class="pagination react-bootstrap-table-page-btns-ul"
              />
            </div>
            <div
              class="flex items-center gap-2 mt-2"
            >
              <span
                class="react-bootstrap-table-pagination-total"
              >
                 Showing rows 
                0
                 to 
                0
                 of 
                0
              </span>
            </div>
          </div>
        </div>
      </div>
      <div
        class="container"
      />
    </div>
  </body>,
  "container": <div>
    <div
      class="p-2 rounded-lg shadow-xl shown"
    >
      <div
        class="xl:grid sm:inline-block grid-cols-2 gap-3 flex-1"
      >
        <span
          class="flex flex-col space-y-4    flex-1 items-stretch"
        >
          <div
            class="xl:grid sm:inline-block grid-cols-2 gap-3 flex-1"
          >
            <span
              class="flex flex-col space-y-4    flex-1 items-stretch"
            >
              <div>
                <label
                  class="text-gray-700 block text-3xs font-medium  mb-1"
                  for=""
                >
                  Template Code
                </label>
                <input
                  autocomplete="given-name"
                  class="undefined leading-4 p-2  focus:outline-none focus:ring  block w-full shadow-sm sm:text-base  border-2  border-gray-300 rounded-md"
                  data-testid="INPT"
                  placeholder="Template code"
                  type="text"
                  value=""
                />
              </div>
              <div
                class="w-full relative"
              >
                <div
                  class="flex items-center leading-4 p-2 focus:outline-none focus:ring  w-full shadow-sm sm:text-base border-2 border-gray-300 rounded-md"
                >
                  <input
                    class="undefined w-full focus:outline-none bg-none"
                    placeholder="Section"
                    value=""
                  />
                  <svg
                    fill="currentColor"
                    height="1em"
                    stroke="currentColor"
                    stroke-width="0"
                    viewBox="0 0 448 512"
                    width="1em"
                    xmlns="http://www.w3.org/2000/svg"
                  >
                    <path
                      d="M207.029 381.476L12.686 187.132c-9.373-9.373-9.373-24.569 0-33.941l22.667-22.667c9.357-9.357 24.522-9.375 33.901-.04L224 284.505l154.745-154.021c9.379-9.335 24.544-9.317 33.901.04l22.667 22.667c9.373 9.373 9.373 24.569 0 33.941L240.971 381.476c-9.373 9.372-24.569 9.372-33.942 0z"
                    />
                  </svg>
                </div>
              </div>
              <div>
                <label
                  class="text-gray-700 block text-3xs font-medium  mb-1"
                  for=""
                >
                  Section Style
                </label>
                <textarea
                  autocomplete="given-name"
                  class="leading-4 p-2 focus:outline-none focus:ring block w-full shadow-sm sm:text-base border-2 border-gray-300 rounded-md"
                  placeholder="Style"
                  style="color: rgb(255, 255, 255); background-color: rgb(0, 0, 0);"
                />
              </div>
              <div>
                <label
                  class="text-gray-700 block text-3xs font-medium  mb-1"
                  for=""
                >
                  Table Name
                </label>
                <div>
                  <div
                    class="flex items-center leading-4 p-2 bg-white focus:outline-none focus:ring  w-full shadow-sm sm:text-base border-2  border-gray-300 rounded-md"
                  >
                    <input
                      class="w-full focus:outline-none"
                      placeholder="Search..."
                      value=""
                    />
                    <svg
                      fill="currentColor"
                      height="1em"
                      stroke="currentColor"
                      stroke-width="0"
                      viewBox="0 0 448 512"
                      width="1em"
                      xmlns="http://www.w3.org/2000/svg"
                    >
                      <path
                        d="M207.029 381.476L12.686 187.132c-9.373-9.373-9.373-24.569 0-33.941l22.667-22.667c9.357-9.357 24.522-9.375 33.901-.04L224 284.505l154.745-154.021c9.379-9.335 24.544-9.317 33.901.04l22.667 22.667c9.373 9.373 9.373 24.569 0 33.941L240.971 381.476c-9.373 9.372-24.569 9.372-33.942 0z"
                      />
                    </svg>
                  </div>
                </div>
              </div>
              <div>
                <label
                  class="text-gray-700 block text-3xs font-medium  mb-1"
                  for=""
                >
                  Field Name
                </label>
                <select
                  class="leading-4 p-2 focus:outline-none focus:ring block w-full shadow-sm sm:text-base border-2 border-gray-300 rounded-md"
                >
                  <option>
                    Select
                  </option>
                </select>
              </div>
            </span>
            <span
              class="flex flex-col space-y-4    flex-1 items-stretch"
            >
              <div>
                <label
                  class="text-gray-700 block text-3xs font-medium  mb-1"
                  for=""
                >
                  Start From Line
                </label>
                <input
                  autocomplete="given-name"
                  class="undefined leading-4 p-2  focus:outline-none focus:ring  block w-full shadow-sm sm:text-base  border-2  border-gray-300 rounded-md"
                  data-testid="INPT"
                  placeholder="Start From Line"
                  type="text"
                  value=""
                />
              </div>
              <div>
                <label
                  class="text-gray-700 block text-3xs font-medium  mb-1"
                  for=""
                >
                  Start From Column
                </label>
                <input
                  autocomplete="given-name"
                  class="undefined leading-4 p-2  focus:outline-none focus:ring  block w-full shadow-sm sm:text-base  border-2  border-gray-300 rounded-md"
                  data-testid="INPT"
                  placeholder="Start From Column"
                  type="text"
                  value=""
                />
              </div>
              <div>
                <label
                  class="text-gray-700 block text-3xs font-medium  mb-1"
                  for=""
                >
                  Field Length
                </label>
                <input
                  autocomplete="given-name"
                  class="undefined leading-4 p-2  focus:outline-none focus:ring  block w-full shadow-sm sm:text-base  border-2  border-gray-300 rounded-md"
                  data-testid="INPT"
                  placeholder="Field Length"
                  type="text"
                  value=""
                />
              </div>
              <div
                class="w-full relative"
              >
                <div
                  class="flex items-center leading-4 p-2 focus:outline-none focus:ring  w-full shadow-sm sm:text-base border-2 border-gray-300 rounded-md"
                >
                  <input
                    class="undefined w-full focus:outline-none bg-none"
                    placeholder="Font Id"
                    value=""
                  />
                  <svg
                    fill="currentColor"
                    height="1em"
                    stroke="currentColor"
                    stroke-width="0"
                    viewBox="0 0 448 512"
                    width="1em"
                    xmlns="http://www.w3.org/2000/svg"
                  >
                    <path
                      d="M207.029 381.476L12.686 187.132c-9.373-9.373-9.373-24.569 0-33.941l22.667-22.667c9.357-9.357 24.522-9.375 33.901-.04L224 284.505l154.745-154.021c9.379-9.335 24.544-9.317 33.901.04l22.667 22.667c9.373 9.373 9.373 24.569 0 33.941L240.971 381.476c-9.373 9.372-24.569 9.372-33.942 0z"
                    />
                  </svg>
                </div>
              </div>
            </span>
          </div>
        </span>
      </div>
      <br />
      <span
        class="flex flex-row space-x-3   justify-center  items-center"
      >
        <div
          class="undefined"
        >
          <button
            class="undefined inline-flex items-center px-3 py-2 text-sm rounded-lg shadow-sm   font-medium text-white bg-indigo-600 hover:bg-indigo-700 hover:shadow-lg disabled:opacity-50 disabled:cursor-not-allowed text-center"
            type="button"
          >
            <svg
              class="-ml-1 -mt-1 mr-2 h-5 w-5 text-white"
              fill="none"
              stroke="currentColor"
              viewBox="0 0 24 24"
              xmlns="http://www.w3.org/2000/svg"
            >
              <path
                d="M8 7H5a2 2 0 00-2 2v9a2 2 0 002 2h14a2 2 0 002-2V9a2 2 0 00-2-2h-3m-1 4l-3 3m0 0l-3-3m3 3V4"
                stroke-linecap="round"
                stroke-linejoin="round"
                stroke-width="2"
              />
            </svg>
            Save
          </button>
        </div>
        <div
          class="undefined"
        >
          <button
            class="undefined inline-flex items-center px-3 py-2 text-sm rounded-lg shadow-sm   font-medium text-gray-600 border border-gray-400 hover:shadow-lg disabled:opacity-50 disabled:cursor-not-allowed text-center"
            type="button"
          >
            <svg
              class="false h-5 w-5 text-gray-600 -ml-1 mr-2"
              fill="none"
              stroke="currentColor"
              viewBox="0 0 24 24"
              xmlns="http://www.w3.org/2000/svg"
            >
              <path
                d="M6 18L18 6M6 6l12 13"
                stroke-linecap="round"
                stroke-linejoin="round"
                stroke-width="2"
              />
            </svg>
            Clear
          </button>
        </div>
      </span>
    </div>
    <div
      class="p-2 rounded-lg shadow-xl overflow-auto"
    >
      <div
        style="position: relative;"
      >
        <div>
          <div
            class="flex items-center"
          >
            <label
              class="search-label"
              for="search-bar-0"
            >
              <span
                class="sr-only"
                id="search-bar-0-label"
              >
                Search this table
              </span>
              <input
                aria-labelledby="search-bar-0-label"
                class="form-control "
                id="search-bar-0"
                placeholder="Search..."
                type="text"
                value=""
              />
            </label>
            <button
              class="btn btn-default inline-flex ml-4 bg-gray-500 items-center small outline shadow-sm  font-medium  disabled:opacity-50 disabled:cursor-not-allowed text-center h-9 text-white"
            >
              Clear
            </button>
            <button
              class="ml-2 px-2 focus:outline-none bg-gray-500 items-center  outline shadow-sm  font-medium  text-center rounded-md h-9 text-white"
            >
              Clear all filters
            </button>
            <button
              class="react-bs-table-csv-btn btn btn-default inline-flex m-2.5 bg-gray-500 items-center  small outline shadow-sm  font-medium  disabled:opacity-50 disabled:cursor-not-allowed text-center h-9 text-white"
              type="button"
            >
              Export CSV!!
            </button>
            <div
              class="undefined"
            >
              <button
                class="undefined inline-flex items-center px-3 py-2 text-sm rounded-lg shadow-sm   font-medium text-gray-600 border border-gray-400 hover:shadow-lg disabled:opacity-50 disabled:cursor-not-allowed text-center"
                type="button"
              >
                <svg
                  fill="currentColor"
                  height="1em"
                  stroke="currentColor"
                  stroke-width="0"
                  viewBox="0 0 448 512"
                  width="1em"
                  xmlns="http://www.w3.org/2000/svg"
                >
                  <path
                    d="M207.029 381.476L12.686 187.132c-9.373-9.373-9.373-24.569 0-33.941l22.667-22.667c9.357-9.357 24.522-9.375 33.901-.04L224 284.505l154.745-154.021c9.379-9.335 24.544-9.317 33.901.04l22.667 22.667c9.373 9.373 9.373 24.569 0 33.941L240.971 381.476c-9.373 9.372-24.569 9.372-33.942 0z"
                  />
                </svg>
              </button>
            </div>
          </div>
          <div
            class="scrollTable"
          >
            <div
              class="react-bootstrap-table"
            >
              <table
                class="table table-hover table-bordered"
              >
                <thead>
                  <tr
                    class="bg-gray-500 text-white whitespace-nowrap"
                  >
                    <th
                      class="selection-cell-header"
                      data-row-selection="true"
                    >
                      <input
                        class="selection-input-4"
                        type="checkbox"
                      />
                    </th>
                    <th
                      aria-label="Temp Code sortable"
                      class="sortable textHeader"
                      tabindex="0"
                    >
                      Temp Code
                      <span
                        class="order-4"
                      />
                    </th>
                    <th
                      aria-label="Section sortable"
                      class="sortable"
                      tabindex="0"
                    >
                      Section
                      <span
                        class="order-4"
                      />
                    </th>
                    <th
                      aria-label="Section Style sortable"
                      class="sortable"
                      tabindex="0"
                    >
                      Section Style
                      <span
                        class="order-4"
                      />
                    </th>
                    <th
                      aria-label="Table Name sortable"
                      class="sortable"
                      tabindex="0"
                    >
                      Table Name
                      <span
                        class="order-4"
                      />
                    </th>
                    <th
                      aria-label="Field Name sortable"
                      class="sortable"
                      tabindex="0"
                    >
                      Field Name
                      <span
                        class="order-4"
                      />
                    </th>
                    <th
                      aria-label="Start From Line sortable"
                      class="sortable"
                      tabindex="0"
                    >
                      Start From Line
                      <span
                        class="order-4"
                      />
                    </th>
                    <th
                      aria-label="Start From Column sortable"
                      class="sortable"
                      tabindex="0"
                    >
                      Start From Column
                      <span
                        class="order-4"
                      />
                    </th>
                    <th
                      aria-label="Field Length sortable"
                      class="sortable"
                      tabindex="0"
                    >
                      Field Length
                      <span
                        class="order-4"
                      />
                    </th>
                    <th
                      aria-label="Font Id sortable"
                      class="sortable"
                      tabindex="0"
                    >
                      Font Id
                      <span
                        class="order-4"
                      />
                    </th>
                  </tr>
                </thead>
                <tbody>
                  <tr>
                    <td
                      class="react-bs-table-no-data"
                      colspan="10"
                      data-toggle="collapse"
                    >
                      Table is Empty
                    </td>
                  </tr>
                </tbody>
              </table>
            </div>
            <div
              class="row react-bootstrap-table-pagination"
            >
              <div
                class="col-md-6 col-xs-6 col-sm-6 col-lg-6"
              >
                <span
                  class="react-bs-table-sizePerPage-dropdown dropdown"
                  style="visibility: visible;"
                >
                  <button
                    aria-expanded="false"
                    class="btn btn-default btn-secondary dropdown-toggle"
                    data-toggle="dropdown"
                    id="pageDropDown"
                    type="button"
                  >
                    10
                     
                  </button>
                  <ul
                    aria-labelledby="pageDropDown"
                    class="dropdown-menu "
                    role="menu"
                  >
                    <a
                      class="dropdown-item"
                      data-page="10"
                      href="#"
                      role="menuitem"
                      tabindex="-1"
                    >
                      10
                    </a>
                    <a
                      class="dropdown-item"
                      data-page="25"
                      href="#"
                      role="menuitem"
                      tabindex="-1"
                    >
                      25
                    </a>
                    <a
                      class="dropdown-item"
                      data-page="30"
                      href="#"
                      role="menuitem"
                      tabindex="-1"
                    >
                      30
                    </a>
                    <a
                      class="dropdown-item"
                      data-page="50"
                      href="#"
                      role="menuitem"
                      tabindex="-1"
                    >
                      50
                    </a>
                  </ul>
                </span>
              </div>
              <div
                class="react-bootstrap-table-pagination-list col-md-6 col-xs-6 col-sm-6 col-lg-6"
              >
                <ul
                  class="pagination react-bootstrap-table-page-btns-ul"
                />
              </div>
            </div>
          </div>
          <div
            class="flex items-center gap-2 mt-2"
          >
            <span
              class="react-bs-table-sizePerPage-dropdown dropdown"
              style="visibility: visible;"
            >
              <button
                aria-expanded="false"
                class="btn btn-default btn-secondary dropdown-toggle"
                data-toggle="dropdown"
                id="pageDropDown"
                type="button"
              >
                10
                 
                <span>
                  <span
                    class="caret"
                  />
                </span>
              </button>
              <ul
                aria-labelledby="pageDropDown"
                class="dropdown-menu "
                role="menu"
              >
                <li
                  class="dropdown-item"
                  role="presentation"
                >
                  <a
                    data-page="10"
                    href="#"
                    role="menuitem"
                    tabindex="-1"
                  >
                    10
                  </a>
                </li>
                <li
                  class="dropdown-item"
                  role="presentation"
                >
                  <a
                    data-page="25"
                    href="#"
                    role="menuitem"
                    tabindex="-1"
                  >
                    25
                  </a>
                </li>
                <li
                  class="dropdown-item"
                  role="presentation"
                >
                  <a
                    data-page="30"
                    href="#"
                    role="menuitem"
                    tabindex="-1"
                  >
                    30
                  </a>
                </li>
                <li
                  class="dropdown-item"
                  role="presentation"
                >
                  <a
                    data-page="50"
                    href="#"
                    role="menuitem"
                    tabindex="-1"
                  >
                    50
                  </a>
                </li>
              </ul>
            </span>
            <ul
              class="pagination react-bootstrap-table-page-btns-ul"
            />
          </div>
          <div
            class="flex items-center gap-2 mt-2"
          >
            <span
              class="react-bootstrap-table-pagination-total"
            >
               Showing rows 
              0
               to 
              0
               of 
              0
            </span>
          </div>
        </div>
      </div>
    </div>
    <div
      class="container"
    />
  </div>,
  "debug": [Function],
  "findAllByAltText": [Function],
  "findAllByDisplayValue": [Function],
  "findAllByLabelText": [Function],
  "findAllByPlaceholderText": [Function],
  "findAllByRole": [Function],
  "findAllByTestId": [Function],
  "findAllByText": [Function],
  "findAllByTitle": [Function],
  "findByAltText": [Function],
  "findByDisplayValue": [Function],
  "findByLabelText": [Function],
  "findByPlaceholderText": [Function],
  "findByRole": [Function],
  "findByTestId": [Function],
  "findByText": [Function],
  "findByTitle": [Function],
  "getAllByAltText": [Function],
  "getAllByDisplayValue": [Function],
  "getAllByLabelText": [Function],
  "getAllByPlaceholderText": [Function],
  "getAllByRole": [Function],
  "getAllByTestId": [Function],
  "getAllByText": [Function],
  "getAllByTitle": [Function],
  "getByAltText": [Function],
  "getByDisplayValue": [Function],
  "getByLabelText": [Function],
  "getByPlaceholderText": [Function],
  "getByRole": [Function],
  "getByTestId": [Function],
  "getByText": [Function],
  "getByTitle": [Function],
  "queryAllByAltText": [Function],
  "queryAllByDisplayValue": [Function],
  "queryAllByLabelText": [Function],
  "queryAllByPlaceholderText": [Function],
  "queryAllByRole": [Function],
  "queryAllByTestId": [Function],
  "queryAllByText": [Function],
  "queryAllByTitle": [Function],
  "queryByAltText": [Function],
  "queryByDisplayValue": [Function],
  "queryByLabelText": [Function],
  "queryByPlaceholderText": [Function],
  "queryByRole": [Function],
  "queryByTestId": [Function],
  "queryByText": [Function],
  "queryByTitle": [Function],
  "rerender": [Function],
  "unmount": [Function],
}
`;
